// Vitest Snapshot v1, https://vitest.dev/guide/snapshot.html

exports[`Badge > Default render (button) 1`] = `"<div data-v-bd415e2a="" class="badge">Hello Vitest</div>"`;
