// Vitest Snapshot v1, https://vitest.dev/guide/snapshot.html

exports[`Badge > Default render (button) 1`] = `
"<div data-v-8208447f="" class="volume__control flex items-center gap-4"><button data-v-8208447f="" class="action_button">
    <!--v-if--><svg data-v-8208447f="" xmlns="http://www.w3.org/2000/svg" width="24" height="24" viewBox="0 0 24 24" aria-hidden="true" class="text-white">
      <g fill="none" stroke="currentColor" stroke-width="2">
        <path d="M3.158 13.93a3.75 3.75 0 0 1 0-3.86a1.5 1.5 0 0 1 .993-.7l1.693-.339a.45.45 0 0 0 .258-.153L8.17 6.395c1.182-1.42 1.774-2.129 2.301-1.938S11 5.572 11 7.42v9.162c0 1.847 0 2.77-.528 2.962c-.527.19-1.119-.519-2.301-1.938L6.1 15.122a.45.45 0 0 0-.257-.153L4.15 14.63a1.5 1.5 0 0 1-.993-.7Z"></path>
        <path stroke-linecap="round" d="m15 15l6-6m0 6l-6-6"></path>
      </g>
    </svg>
  </button>
  <transition-stub data-v-8208447f="" name="slide-left" appear="false" persisted="false" css="true">
    <!--v-if-->
  </transition-stub>
</div>"
`;
