// Vitest Snapshot v1, https://vitest.dev/guide/snapshot.html

exports[`ActionButton > Default render (button) 1`] = `"<button class="action_button">Hello Vitest</button>"`;

exports[`ActionButton > Default render (link) 1`] = `"<a to="[object Object]" class="action_button">Hello Vitest</a>"`;
